[Licensing::Module] Trying to connect to existing licensing client channel...
Built from '6000.0/staging' branch; Version is '6000.0.84f1 (78ab6fc243d5) revision 7908207'; Using compiler version '193933523'; Build Type 'Release'
[Licensing::IpcConnector] Successfully connected to: "LicenseClient-je4vo" at "2026-09-27T03:23:00.7272793Z"
OS: 'Windows 11  (10.0.26200) Professional' Language: 'en' Physical Memory: 31861 MB
BatchMode: 1, IsHumanControllingUs: 0, StartBugReporterOnCrash: 0, Is64bit: 1
System  architecture: x64
Process architecture: x64
Date: 2026-09-27T03:23:00Z

COMMAND LINE ARGUMENTS:
C:\Program Files\Unity\Hub\Editor\6000.0.84f1\Editor\Unity.exe
-adb2
-batchMode
-noUpm
-name
AssetImportWorker2
-projectPath
C:/Users/je4vo/Documents/GitHub/ProjectMechascape/Mechascape
-logFile
Logs/AssetImportWorker2.log
-srvPort
61521
-parentPid
16268
-analyticsCloudUserId
2474196722649
-analyticsCloudProjectId
2cd00ff1-a0d5-450e-98fb-febf534b6765
-analyticsLocalProjectId
edc6a923d6e6f184e99878db70b7d33b
-editorAnalyticsEnabled
1
-cbmEditorLicense
7164855713b2a17a223f4c98649b00f7cfcbacb9
-cbmMachineId
Zv8HAtAorp6bRJhfPOKyBcx4Xps=
-licensingIpc
LicenseClient-je4vo
-job-worker-count
5
-background-job-worker-count
8
-gc-helper-count
1
-name
AssetImport
Successfully changed project path to: C:/Users/je4vo/Documents/GitHub/ProjectMechascape/Mechascape
C:/Users/je4vo/Documents/GitHub/ProjectMechascape/Mechascape
[UnityMemory] Configuration Parameters - Can be set up in boot.config
    "memorysetup-bucket-allocator-granularity=16"
    "memorysetup-bucket-allocator-bucket-count=8"
    "memorysetup-bucket-allocator-block-size=33554432"
    "memorysetup-bucket-allocator-block-count=8"
    "memorysetup-main-allocator-block-size=16777216"
    "memorysetup-thread-allocator-block-size=16777216"
    "memorysetup-gfx-main-allocator-block-size=16777216"
    "memorysetup-gfx-thread-allocator-block-size=16777216"
    "memorysetup-cache-allocator-block-size=4194304"
    "memorysetup-typetree-allocator-block-size=2097152"
    "memorysetup-profiler-bucket-allocator-granularity=16"
    "memorysetup-profiler-bucket-allocator-bucket-count=8"
    "memorysetup-profiler-bucket-allocator-block-size=33554432"
    "memorysetup-profiler-bucket-allocator-block-count=8"
    "memorysetup-profiler-allocator-block-size=16777216"
    "memorysetup-profiler-editor-allocator-block-size=1048576"
    "memorysetup-temp-allocator-size-main=16777216"
    "memorysetup-job-temp-allocator-block-size=2097152"
    "memorysetup-job-temp-allocator-block-size-background=1048576"
    "memorysetup-job-temp-allocator-reduction-small-platforms=262144"
    "memorysetup-allocator-temp-initial-block-size-main=262144"
    "memorysetup-allocator-temp-initial-block-size-worker=262144"
    "memorysetup-temp-allocator-size-background-worker=32768"
    "memorysetup-temp-allocator-size-job-worker=262144"
    "memorysetup-temp-allocator-size-preload-manager=33554432"
    "memorysetup-remapper-allocator-initial-capacity=32768"
    "memorysetup-temp-allocator-size-nav-mesh-worker=65536"
    "memorysetup-temp-allocator-size-audio-worker=65536"
    "memorysetup-temp-allocator-size-cloud-worker=32768"
    "memorysetup-temp-allocator-size-gi-baking-worker=262144"
    "memorysetup-temp-allocator-size-gi-baking-worker=262144"
    "memorysetup-temp-allocator-size-gi-baking-worker=262144"
    "memorysetup-temp-allocator-size-gi-baking-worker=262144"
    "memorysetup-temp-allocator-size-gi-baking-worker=262144"
    "memorysetup-temp-allocator-size-gfx=262144"
Player connection [29856]  Target information:

Player connection [29856]  * "[IP] 10.80.214.69 [Port] 0 [Flags] 2 [Guid] 979239827 [EditorId] 979239827 [Version] 1048832 [Id] WindowsEditor(7,CJ-PC) [Debug] 1 [PackageName] WindowsEditor [ProjectName] Editor" 

Player connection [29856] Host joined multi-casting on [225.0.0.222:54997]...
Player connection [29856] Host joined alternative multi-casting on [225.0.0.222:34997]...
JobSystem: Creating JobQueue using job-worker-count value 5
Input System module state changed to: Initialized.
[Physics::Module] Initialized fallback backend.
[Physics::Module] Id: 0xdecafbad
Library Redirect Path: Library/
[Physics::Module] Selected backend.
[Physics::Module] Name: PhysX
[Physics::Module] Id: 0xf2b8ea05
[Physics::Module] SDK Version: 4.1.2
[Physics::Module] Integration Version: 1.0.0
[Physics::Module] Threading Mode: Multi-Threaded
Refreshing native plugins compatible for Editor in 5.21 ms, found 5 plugins.
Preloading 0 native plugins for Editor in 0.00 ms.
Initialize engine version: 6000.0.84f1 (78ab6fc243d5)
[Subsystems] Discovering subsystems at path C:/Program Files/Unity/Hub/Editor/6000.0.84f1/Editor/Data/Resources/UnitySubsystems
[Subsystems] Discovering subsystems at path C:/Users/je4vo/Documents/GitHub/ProjectMechascape/Mechascape/Assets
GfxDevice: creating device client; kGfxThreadingModeNonThreaded
Direct3D:
    Version:  Direct3D 11.0 [level 11.1]
    Renderer: NVIDIA GeForce RTX 3060 Ti (ID=0x2489)
    Vendor:   NVIDIA
    VRAM:     8024 MB
    Driver:   32.0.15.9649
Initialize mono
Mono path[0] = 'C:/Program Files/Unity/Hub/Editor/6000.0.84f1/Editor/Data/Managed'
Mono path[1] = 'C:/Program Files/Unity/Hub/Editor/6000.0.84f1/Editor/Data/MonoBleedingEdge/lib/mono/unityjit-win32'
Mono config path = 'C:/Program Files/Unity/Hub/Editor/6000.0.84f1/Editor/Data/MonoBleedingEdge/etc'
Using monoOptions --debugger-agent=transport=dt_socket,embedding=1,server=y,suspend=n,address=127.0.0.1:56540
Begin MonoManager ReloadAssembly
Registering precompiled unity dll's ...
Register platform support module: C:/Program Files/Unity/Hub/Editor/6000.0.84f1/Editor/Data/PlaybackEngines/WindowsStandaloneSupport/UnityEditor.WindowsStandalone.Extensions.dll
Registered in 0.002501 seconds.
- Loaded All Assemblies, in  0.275 seconds
Native extension for WindowsStandalone target not found
[Licensing::Client] Error: HandshakeResponse reported an error:
	ResponseCode: 505
	ResponseStatus: Unsupported protocol version '1.18.3'.
[Licensing::Module] Error: Failed to handshake to channel: "LicenseClient-je4vo"
[Licensing::IpcConnector] LicenseClient-je4vo channel disconnected successfully.
[Licensing::IpcConnector] Successfully connected to: "LicenseClient-je4vo-6000.0.84" at "2026-09-27T03:23:01.4929774Z"
[Licensing::Client] Code 10 while verifying Licensing Client signature (process Id: 26368, path: "C:/Program Files/Unity/Hub/Editor/6000.0.84f1/Editor/Data/Resources/Licensing/Client/Unity.Licensing.Client.exe")
[Licensing::Module] LicensingClient has failed validation; ignoring
[Licensing::Client] Handshaking with LicensingClient:
  Version:                 1.18.3+d7ffd15
  Session Id:              a738feaf60ac4896a5ba5b7d9c600615
  Correlation Id:          40df8f1a3f2ae34151946b3aadc11572
  External correlation Id: 2139984002049660925
  Machine Id:              Zv8HAtAorp6bRJhfPOKyBcx4Xps=
[Licensing::Module] Successfully connected to LicensingClient on channel: "LicenseClient-je4vo-6000.0.84" (connect: 0.00s, validation: 0.01s, handshake: 0.01s)
[Licensing::IpcConnector] Successfully connected to: "LicenseClient-je4vo-6000.0.84-notifications" at "2026-09-27T03:23:01.5035677Z"
[Licensing::Module] Licensing Background thread has ended after 0.78s
Package Manager log level set to [2]
[Package Manager] Failed to launch server process. Reason: Unity was launched with the -noUpm command-line argument
[Package Manager] Unable to send message (not connected to server process).
[Package Manager] Cannot connect to Unity Package Manager local server
Mono: successfully reloaded assembly
- Finished resetting the current domain, in  0.225 seconds
Domain Reload Profiling: 496ms
	BeginReloadAssembly (95ms)
		ExecutionOrderSort (0ms)
		DisableScriptedObjects (0ms)
		BackupInstance (0ms)
		ReleaseScriptingObjects (0ms)
		CreateAndSetChildDomain (1ms)
	RebuildCommonClasses (24ms)
	RebuildNativeTypeToScriptingClass (9ms)
	initialDomainReloadingComplete (36ms)
	LoadAllAssembliesAndSetupDomain (107ms)
		LoadAssemblies (92ms)
		RebuildTransferFunctionScriptingTraits (0ms)
		AnalyzeDomain (104ms)
			TypeCache.Refresh (103ms)
				TypeCache.ScanAssembly (94ms)
			BuildScriptInfoCaches (0ms)
			ResolveRequiredComponents (0ms)
	FinalizeReload (225ms)
		ReleaseScriptCaches (0ms)
		RebuildScriptCaches (0ms)
		SetupLoadedEditorAssemblies (192ms)
			LogAssemblyErrors (0ms)
			InitializePlatformSupportModulesInManaged (17ms)
			SetLoadedEditorAssemblies (3ms)
			BeforeProcessingInitializeOnLoad (39ms)
			ProcessInitializeOnLoadAttributes (101ms)
			ProcessInitializeOnLoadMethodAttributes (32ms)
			AfterProcessingInitializeOnLoad (0ms)
			EditorAssembliesLoaded (0ms)
		ExecutionOrderSort2 (0ms)
		AwakeInstancesAfterBackupRestoration (0ms)
[Licensing::Client] Successfully resolved entitlement details
[Licensing::Module] License group:
  Id: 2474196722649-UnityPersXXXX
  Product: Unity Personal
  Type: Assigned
  Expiration: Unlimited
========================================================================
Worker process is ready to serve import requests
Import Worker Mode flag is 0x00
Begin MonoManager ReloadAssembly
- Loaded All Assemblies, in  0.572 seconds
Refreshing native plugins compatible for Editor in 2.26 ms, found 5 plugins.
Native extension for WindowsStandalone target not found
[Package Manager] Failed to launch server process. Reason: Unity was launched with the -noUpm command-line argument
[Package Manager] Unable to send message (not connected to server process).
[Package Manager] Cannot connect to Unity Package Manager local server
Refreshing native plugins compatible for Editor in 2.51 ms, found 5 plugins.
[Package Manager] Failed to launch server process. Reason: Unity was launched with the -noUpm command-line argument
[Package Manager] Unable to send message (not connected to server process).
[Package Manager] Cannot connect to Unity Package Manager local server
Mono: successfully reloaded assembly
- Finished resetting the current domain, in  0.507 seconds
Domain Reload Profiling: 1075ms
	BeginReloadAssembly (120ms)
		ExecutionOrderSort (0ms)
		DisableScriptedObjects (4ms)
		BackupInstance (0ms)
		ReleaseScriptingObjects (0ms)
		CreateAndSetChildDomain (23ms)
	RebuildCommonClasses (22ms)
	RebuildNativeTypeToScriptingClass (8ms)
	initialDomainReloadingComplete (28ms)
	LoadAllAssembliesAndSetupDomain (389ms)
		LoadAssemblies (261ms)
		RebuildTransferFunctionScriptingTraits (0ms)
		AnalyzeDomain (192ms)
			TypeCache.Refresh (127ms)
				TypeCache.ScanAssembly (117ms)
			BuildScriptInfoCaches (55ms)
			ResolveRequiredComponents (7ms)
	FinalizeReload (508ms)
		ReleaseScriptCaches (0ms)
		RebuildScriptCaches (0ms)
		SetupLoadedEditorAssemblies (417ms)
			LogAssemblyErrors (0ms)
			InitializePlatformSupportModulesInManaged (2ms)
			SetLoadedEditorAssemblies (4ms)
			BeforeProcessingInitializeOnLoad (84ms)
			ProcessInitializeOnLoadAttributes (254ms)
			ProcessInitializeOnLoadMethodAttributes (69ms)
			AfterProcessingInitializeOnLoad (5ms)
			EditorAssembliesLoaded (0ms)
		ExecutionOrderSort2 (0ms)
		AwakeInstancesAfterBackupRestoration (4ms)
Launched and connected shader compiler UnityShaderCompiler.exe after 0.01 seconds
Refreshing native plugins compatible for Editor in 2.45 ms, found 5 plugins.
Preloading 0 native plugins for Editor in 0.00 ms.
Unloading 13 Unused Serialized files (Serialized files now loaded: 0)
Unloading 7205 unused Assets / (4.4 MB). Loaded Objects now: 7905.
Memory consumption went from 155.1 MB to 150.8 MB.
Total: 7.797600 ms (FindLiveObjects: 1.219300 ms CreateObjectMapping: 0.493900 ms MarkObjects: 4.191900 ms  DeleteObjects: 1.891700 ms)

Curl error 3: URL rejected: Malformed input to a URL function
========================================================================
Received Import Request.
  Time since last request: 26970.238479 seconds.
  path: Assets/Mechascape.inputactions
  artifactKey: Guid(59539caf0afbe2146a8cb176248ef690) Importer(2089858483,192608db42251d675da83286b1cce702)
Start importing Assets/Mechascape.inputactions using Guid(59539caf0afbe2146a8cb176248ef690) Importer(2089858483,192608db42251d675da83286b1cce702) (ScriptedImporter) -> (artifact id: '11a1a1b94e33a2b1b524b0077b7eefbb') in 0.2128639 seconds
Number of updated asset objects reloaded before import = 0Number of asset objects unloaded after import = 16

========================================================================
Received Import Request.
  Time since last request: 110.061061 seconds.
  path: Assets/Mechascape.inputactions
  artifactKey: Guid(59539caf0afbe2146a8cb176248ef690) Importer(2089858483,192608db42251d675da83286b1cce702)
Start importing Assets/Mechascape.inputactions using Guid(59539caf0afbe2146a8cb176248ef690) Importer(2089858483,192608db42251d675da83286b1cce702) (ScriptedImporter) -> (artifact id: '1a139ed47a2cf31a28845f91b630a62b') in 0.0149018 seconds
Number of updated asset objects reloaded before import = 0Number of asset objects unloaded after import = 17

========================================================================
Received Import Request.
  Time since last request: 13.388802 seconds.
  path: Assets/Scripts/Player/PlayerController.cs
  artifactKey: Guid(feac48e56c7a4814a9ba41feeaa6e717) Importer(815301076,1909f56bfc062723c751e8b465ee728b)
Start importing Assets/Scripts/Player/PlayerController.cs using Guid(feac48e56c7a4814a9ba41feeaa6e717) Importer(815301076,1909f56bfc062723c751e8b465ee728b) (PreviewImporter) -> (artifact id: 'da5870e30539817cf2ccf703f2876068') in 0.0005452 seconds
Number of updated asset objects reloaded before import = 0Number of asset objects unloaded after import = 0

========================================================================
Received Prepare
Refreshing native plugins compatible for Editor in 3.34 ms, found 5 plugins.
Preloading 0 native plugins for Editor in 0.00 ms.
Unloading 13 Unused Serialized files (Serialized files now loaded: 0)
Unloading 7188 unused Assets / (4.5 MB). Loaded Objects now: 7907.
Memory consumption went from 153.6 MB to 149.1 MB.
Total: 10.797200 ms (FindLiveObjects: 1.023200 ms CreateObjectMapping: 0.981400 ms MarkObjects: 6.382300 ms  DeleteObjects: 2.409300 ms)

Prepare: number of updated asset objects reloaded= 0
========================================================================
Received Import Request.
  Time since last request: 36.838318 seconds.
  path: Assets/Scripts/Player/PlayerController.cs
  artifactKey: Guid(feac48e56c7a4814a9ba41feeaa6e717) Importer(815301076,1909f56bfc062723c751e8b465ee728b)
Start importing Assets/Scripts/Player/PlayerController.cs using Guid(feac48e56c7a4814a9ba41feeaa6e717) Importer(815301076,1909f56bfc062723c751e8b465ee728b) (PreviewImporter) -> (artifact id: 'bf8527ed4a217cb60c7ca76561c76781') in 0.0056515 seconds
Number of updated asset objects reloaded before import = 0Number of asset objects unloaded after import = 0

========================================================================
Received Import Request.
  Time since last request: 0.744327 seconds.
  path: Assets/Scripts/Player/PlayerController.cs
  artifactKey: Guid(feac48e56c7a4814a9ba41feeaa6e717) Importer(2089858483,192608db42251d675da83286b1cce702)
Start importing Assets/Scripts/Player/PlayerController.cs using Guid(feac48e56c7a4814a9ba41feeaa6e717) Importer(2089858483,192608db42251d675da83286b1cce702) (ScriptedImporter) -> (artifact id: '69c0bfd1757374c8fa50d308ab398514') in 0.0186646 seconds
Number of updated asset objects reloaded before import = 0Number of asset objects unloaded after import = 0

========================================================================
Received Prepare
Refreshing native plugins compatible for Editor in 3.74 ms, found 5 plugins.
Preloading 0 native plugins for Editor in 0.00 ms.
Unloading 13 Unused Serialized files (Serialized files now loaded: 0)
Unloading 7188 unused Assets / (4.8 MB). Loaded Objects now: 7907.
Memory consumption went from 153.6 MB to 148.8 MB.
Total: 11.217300 ms (FindLiveObjects: 0.772500 ms CreateObjectMapping: 1.109100 ms MarkObjects: 6.466000 ms  DeleteObjects: 2.868700 ms)

Prepare: number of updated asset objects reloaded= 0
========================================================================
Received Import Request.
  Time since last request: 50.437879 seconds.
  path: Assets/Scripts/Player/PlayerController.cs
  artifactKey: Guid(feac48e56c7a4814a9ba41feeaa6e717) Importer(2089858483,192608db42251d675da83286b1cce702)
Start importing Assets/Scripts/Player/PlayerController.cs using Guid(feac48e56c7a4814a9ba41feeaa6e717) Importer(2089858483,192608db42251d675da83286b1cce702) (ScriptedImporter) -> (artifact id: '201b3cdae793d813ffd69183b9ad4b9a') in 0.0144774 seconds
Number of updated asset objects reloaded before import = 0Number of asset objects unloaded after import = 0

========================================================================
Received Prepare
Refreshing native plugins compatible for Editor in 3.78 ms, found 5 plugins.
Preloading 0 native plugins for Editor in 0.00 ms.
Unloading 13 Unused Serialized files (Serialized files now loaded: 0)
Unloading 7188 unused Assets / (4.6 MB). Loaded Objects now: 7907.
Memory consumption went from 153.6 MB to 148.9 MB.
Total: 11.549700 ms (FindLiveObjects: 0.822400 ms CreateObjectMapping: 0.661900 ms MarkObjects: 7.351500 ms  DeleteObjects: 2.713100 ms)

Prepare: number of updated asset objects reloaded= 0
========================================================================
Received Import Request.
  Time since last request: 1.889156 seconds.
  path: Assets/Scripts/Player/PlayerController.cs
  artifactKey: Guid(feac48e56c7a4814a9ba41feeaa6e717) Importer(2089858483,192608db42251d675da83286b1cce702)
Start importing Assets/Scripts/Player/PlayerController.cs using Guid(feac48e56c7a4814a9ba41feeaa6e717) Importer(2089858483,192608db42251d675da83286b1cce702) (ScriptedImporter) -> (artifact id: '2332c04daaf41ee86a1976486a0f6647') in 0.0136074 seconds
Number of updated asset objects reloaded before import = 0Number of asset objects unloaded after import = 0

========================================================================
Received Prepare
Refreshing native plugins compatible for Editor in 3.60 ms, found 5 plugins.
Preloading 0 native plugins for Editor in 0.00 ms.
Unloading 13 Unused Serialized files (Serialized files now loaded: 0)
Unloading 7188 unused Assets / (4.9 MB). Loaded Objects now: 7907.
Memory consumption went from 153.6 MB to 148.7 MB.
Total: 12.678000 ms (FindLiveObjects: 0.773200 ms CreateObjectMapping: 0.664600 ms MarkObjects: 8.058600 ms  DeleteObjects: 3.180600 ms)

Prepare: number of updated asset objects reloaded= 0
========================================================================
Received Import Request.
  Time since last request: 46.851815 seconds.
  path: Assets/Scripts/Player/PlayerController.cs
  artifactKey: Guid(feac48e56c7a4814a9ba41feeaa6e717) Importer(2089858483,192608db42251d675da83286b1cce702)
Start importing Assets/Scripts/Player/PlayerController.cs using Guid(feac48e56c7a4814a9ba41feeaa6e717) Importer(2089858483,192608db42251d675da83286b1cce702) (ScriptedImporter) -> (artifact id: 'e1a15d8fe6d0f90aea7fb1b446eaedfa') in 0.0143133 seconds
Number of updated asset objects reloaded before import = 0Number of asset objects unloaded after import = 0

========================================================================
Received Prepare
Refreshing native plugins compatible for Editor in 2.91 ms, found 5 plugins.
Preloading 0 native plugins for Editor in 0.00 ms.
Unloading 13 Unused Serialized files (Serialized files now loaded: 0)
Unloading 7188 unused Assets / (4.2 MB). Loaded Objects now: 7907.
Memory consumption went from 153.6 MB to 149.4 MB.
Total: 10.986200 ms (FindLiveObjects: 0.797000 ms CreateObjectMapping: 0.794000 ms MarkObjects: 6.958100 ms  DeleteObjects: 2.436200 ms)

Prepare: number of updated asset objects reloaded= 0
========================================================================
Received Import Request.
  Time since last request: 16.674131 seconds.
  path: Assets/Scripts/Player/PlayerController.cs
  artifactKey: Guid(feac48e56c7a4814a9ba41feeaa6e717) Importer(2089858483,192608db42251d675da83286b1cce702)
Start importing Assets/Scripts/Player/PlayerController.cs using Guid(feac48e56c7a4814a9ba41feeaa6e717) Importer(2089858483,192608db42251d675da83286b1cce702) (ScriptedImporter) -> (artifact id: 'f7102026479efc04fda29bcaa15914c6') in 0.0131264 seconds
Number of updated asset objects reloaded before import = 0Number of asset objects unloaded after import = 0

========================================================================
Received Prepare
Refreshing native plugins compatible for Editor in 3.07 ms, found 5 plugins.
Preloading 0 native plugins for Editor in 0.00 ms.
Unloading 13 Unused Serialized files (Serialized files now loaded: 0)
Unloading 7188 unused Assets / (4.4 MB). Loaded Objects now: 7907.
Memory consumption went from 153.6 MB to 149.2 MB.
Total: 11.767400 ms (FindLiveObjects: 1.018800 ms CreateObjectMapping: 0.972000 ms MarkObjects: 7.242100 ms  DeleteObjects: 2.533300 ms)

Prepare: number of updated asset objects reloaded= 0
========================================================================
Received Import Request.
  Time since last request: 21.907428 seconds.
  path: Assets/Scripts/Player/PlayerController.cs
  artifactKey: Guid(feac48e56c7a4814a9ba41feeaa6e717) Importer(2089858483,192608db42251d675da83286b1cce702)
Start importing Assets/Scripts/Player/PlayerController.cs using Guid(feac48e56c7a4814a9ba41feeaa6e717) Importer(2089858483,192608db42251d675da83286b1cce702) (ScriptedImporter) -> (artifact id: '4516229fa387112b854372e4c08a5e18') in 0.0139628 seconds
Number of updated asset objects reloaded before import = 0Number of asset objects unloaded after import = 0

========================================================================
Received Prepare
Refreshing native plugins compatible for Editor in 3.53 ms, found 5 plugins.
Preloading 0 native plugins for Editor in 0.00 ms.
Unloading 13 Unused Serialized files (Serialized files now loaded: 0)
Unloading 7188 unused Assets / (4.9 MB). Loaded Objects now: 7907.
Memory consumption went from 153.6 MB to 148.7 MB.
Total: 12.001600 ms (FindLiveObjects: 1.034900 ms CreateObjectMapping: 1.033300 ms MarkObjects: 6.915900 ms  DeleteObjects: 3.016600 ms)

Prepare: number of updated asset objects reloaded= 0
========================================================================
Received Import Request.
  Time since last request: 466.819497 seconds.
  path: Assets/Scripts/Player/PlayerController.cs
  artifactKey: Guid(feac48e56c7a4814a9ba41feeaa6e717) Importer(2089858483,192608db42251d675da83286b1cce702)
Start importing Assets/Scripts/Player/PlayerController.cs using Guid(feac48e56c7a4814a9ba41feeaa6e717) Importer(2089858483,192608db42251d675da83286b1cce702) (ScriptedImporter) -> (artifact id: '913f95dafdb95c00612a3c8a0cf61b65') in 0.0139729 seconds
Number of updated asset objects reloaded before import = 0Number of asset objects unloaded after import = 0

========================================================================
Received Prepare
Refreshing native plugins compatible for Editor in 3.31 ms, found 5 plugins.
Preloading 0 native plugins for Editor in 0.00 ms.
Unloading 13 Unused Serialized files (Serialized files now loaded: 0)
Unloading 7188 unused Assets / (5.0 MB). Loaded Objects now: 7907.
Memory consumption went from 153.6 MB to 148.6 MB.
Total: 11.610000 ms (FindLiveObjects: 0.968600 ms CreateObjectMapping: 0.605300 ms MarkObjects: 6.574100 ms  DeleteObjects: 3.460700 ms)

Prepare: number of updated asset objects reloaded= 0
========================================================================
Received Import Request.
  Time since last request: 10.361520 seconds.
  path: Assets/Scripts/Player/PlayerController.cs
  artifactKey: Guid(feac48e56c7a4814a9ba41feeaa6e717) Importer(2089858483,192608db42251d675da83286b1cce702)
Start importing Assets/Scripts/Player/PlayerController.cs using Guid(feac48e56c7a4814a9ba41feeaa6e717) Importer(2089858483,192608db42251d675da83286b1cce702) (ScriptedImporter) -> (artifact id: '7b407f7d00ac20d182ae3f7e16beb22d') in 0.0123792 seconds
Number of updated asset objects reloaded before import = 0Number of asset objects unloaded after import = 0

========================================================================
Received Prepare
Refreshing native plugins compatible for Editor in 2.90 ms, found 5 plugins.
Preloading 0 native plugins for Editor in 0.00 ms.
Unloading 13 Unused Serialized files (Serialized files now loaded: 0)
Unloading 7188 unused Assets / (5.1 MB). Loaded Objects now: 7907.
Memory consumption went from 153.6 MB to 148.5 MB.
Total: 12.020900 ms (FindLiveObjects: 1.045800 ms CreateObjectMapping: 0.955500 ms MarkObjects: 7.026200 ms  DeleteObjects: 2.992500 ms)

Prepare: number of updated asset objects reloaded= 0
========================================================================
Received Import Request.
  Time since last request: 21.500270 seconds.
  path: Assets/Scripts/Player/PlayerController.cs
  artifactKey: Guid(feac48e56c7a4814a9ba41feeaa6e717) Importer(2089858483,192608db42251d675da83286b1cce702)
Start importing Assets/Scripts/Player/PlayerController.cs using Guid(feac48e56c7a4814a9ba41feeaa6e717) Importer(2089858483,192608db42251d675da83286b1cce702) (ScriptedImporter) -> (artifact id: '95acaa952795aaea77112eac177d4964') in 0.0134162 seconds
Number of updated asset objects reloaded before import = 0Number of asset objects unloaded after import = 0

========================================================================
Received Prepare
Refreshing native plugins compatible for Editor in 2.75 ms, found 5 plugins.
Preloading 0 native plugins for Editor in 0.00 ms.
Unloading 13 Unused Serialized files (Serialized files now loaded: 0)
Unloading 7188 unused Assets / (4.6 MB). Loaded Objects now: 7907.
Memory consumption went from 153.6 MB to 149.0 MB.
Total: 11.512100 ms (FindLiveObjects: 1.050100 ms CreateObjectMapping: 1.028900 ms MarkObjects: 6.690800 ms  DeleteObjects: 2.741700 ms)

Prepare: number of updated asset objects reloaded= 0
========================================================================
Received Import Request.
  Time since last request: 37.349141 seconds.
  path: Assets/Scripts/Player/PlayerController.cs
  artifactKey: Guid(feac48e56c7a4814a9ba41feeaa6e717) Importer(2089858483,192608db42251d675da83286b1cce702)
Start importing Assets/Scripts/Player/PlayerController.cs using Guid(feac48e56c7a4814a9ba41feeaa6e717) Importer(2089858483,192608db42251d675da83286b1cce702) (ScriptedImporter) -> (artifact id: '20139ee882ced19793cd689062598344') in 0.0147932 seconds
Number of updated asset objects reloaded before import = 0Number of asset objects unloaded after import = 0

========================================================================
Received Prepare
Refreshing native plugins compatible for Editor in 2.82 ms, found 5 plugins.
Preloading 0 native plugins for Editor in 0.00 ms.
Unloading 13 Unused Serialized files (Serialized files now loaded: 0)
Unloading 7188 unused Assets / (4.3 MB). Loaded Objects now: 7907.
Memory consumption went from 153.6 MB to 149.3 MB.
Total: 12.264100 ms (FindLiveObjects: 1.143000 ms CreateObjectMapping: 0.840200 ms MarkObjects: 7.782900 ms  DeleteObjects: 2.496800 ms)

Prepare: number of updated asset objects reloaded= 0
========================================================================
Received Import Request.
  Time since last request: 19.938754 seconds.
  path: Assets/Scripts/Player/PlayerController.cs
  artifactKey: Guid(feac48e56c7a4814a9ba41feeaa6e717) Importer(2089858483,192608db42251d675da83286b1cce702)
Start importing Assets/Scripts/Player/PlayerController.cs using Guid(feac48e56c7a4814a9ba41feeaa6e717) Importer(2089858483,192608db42251d675da83286b1cce702) (ScriptedImporter) -> (artifact id: '00000000000000000000000000000000') in 0.0085953 seconds
Import Error Code:(4)
Message: Build asset version error: assets/scripts/player/playercontroller.cs in SourceAssetDB has modification time of '2026-09-27T03:37:58.9714264Z' while content on disk has modification time of '2026-09-27T03:37:59.9357536Z'
  ERROR: Build asset version error: assets/scripts/player/playercontroller.cs in SourceAssetDB has modification time of '2026-09-27T03:37:58.9714264Z' while content on disk has modification time of '2026-09-27T03:37:59.9357536Z'
Number of updated asset objects reloaded before import = 0Number of asset objects unloaded after import = 0

========================================================================
Received Prepare
Refreshing native plugins compatible for Editor in 3.05 ms, found 5 plugins.
Preloading 0 native plugins for Editor in 0.00 ms.
Unloading 13 Unused Serialized files (Serialized files now loaded: 0)
Unloading 7188 unused Assets / (4.9 MB). Loaded Objects now: 7907.
Memory consumption went from 153.6 MB to 148.7 MB.
Total: 12.340500 ms (FindLiveObjects: 1.001100 ms CreateObjectMapping: 1.181600 ms MarkObjects: 7.151600 ms  DeleteObjects: 3.005100 ms)

Prepare: number of updated asset objects reloaded= 0
========================================================================
Received Import Request.
  Time since last request: 9.997941 seconds.
  path: Assets/Scripts/Player/PlayerController.cs
  artifactKey: Guid(feac48e56c7a4814a9ba41feeaa6e717) Importer(2089858483,192608db42251d675da83286b1cce702)
Start importing Assets/Scripts/Player/PlayerController.cs using Guid(feac48e56c7a4814a9ba41feeaa6e717) Importer(2089858483,192608db42251d675da83286b1cce702) (ScriptedImporter) -> (artifact id: 'e464ff2ff091a7df84f78921ae918d64') in 0.0137206 seconds
Number of updated asset objects reloaded before import = 0Number of asset objects unloaded after import = 0

========================================================================
Received Prepare
Refreshing native plugins compatible for Editor in 2.83 ms, found 5 plugins.
Preloading 0 native plugins for Editor in 0.00 ms.
Unloading 13 Unused Serialized files (Serialized files now loaded: 0)
Unloading 7188 unused Assets / (4.8 MB). Loaded Objects now: 7907.
Memory consumption went from 153.6 MB to 148.8 MB.
Total: 11.826100 ms (FindLiveObjects: 1.016200 ms CreateObjectMapping: 1.035400 ms MarkObjects: 6.744100 ms  DeleteObjects: 3.029300 ms)

Prepare: number of updated asset objects reloaded= 0
========================================================================
Received Import Request.
  Time since last request: 18.340632 seconds.
  path: Assets/Scripts/Player/PlayerController.cs
  artifactKey: Guid(feac48e56c7a4814a9ba41feeaa6e717) Importer(2089858483,192608db42251d675da83286b1cce702)
Start importing Assets/Scripts/Player/PlayerController.cs using Guid(feac48e56c7a4814a9ba41feeaa6e717) Importer(2089858483,192608db42251d675da83286b1cce702) (ScriptedImporter) -> (artifact id: '6b1357b997278bcdaf994c1686f71144') in 0.0139821 seconds
Number of updated asset objects reloaded before import = 0Number of asset objects unloaded after import = 0

========================================================================
Received Prepare
Refreshing native plugins compatible for Editor in 3.22 ms, found 5 plugins.
Preloading 0 native plugins for Editor in 0.00 ms.
Unloading 13 Unused Serialized files (Serialized files now loaded: 0)
Unloading 7188 unused Assets / (5.0 MB). Loaded Objects now: 7907.
Memory consumption went from 153.6 MB to 148.6 MB.
Total: 11.805800 ms (FindLiveObjects: 0.885800 ms CreateObjectMapping: 1.053500 ms MarkObjects: 6.828900 ms  DeleteObjects: 3.036600 ms)

Prepare: number of updated asset objects reloaded= 0
========================================================================
Received Import Request.
  Time since last request: 52.079898 seconds.
  path: Assets/Scripts/Player/PlayerController.cs
  artifactKey: Guid(feac48e56c7a4814a9ba41feeaa6e717) Importer(2089858483,192608db42251d675da83286b1cce702)
Start importing Assets/Scripts/Player/PlayerController.cs using Guid(feac48e56c7a4814a9ba41feeaa6e717) Importer(2089858483,192608db42251d675da83286b1cce702) (ScriptedImporter) -> (artifact id: '096f0017ca93521a28d61c2b5fa56109') in 0.0133035 seconds
Number of updated asset objects reloaded before import = 0Number of asset objects unloaded after import = 0

========================================================================
Received Prepare
Refreshing native plugins compatible for Editor in 2.94 ms, found 5 plugins.
Preloading 0 native plugins for Editor in 0.00 ms.
Unloading 13 Unused Serialized files (Serialized files now loaded: 0)
Unloading 7188 unused Assets / (4.8 MB). Loaded Objects now: 7907.
Memory consumption went from 153.6 MB to 148.8 MB.
Total: 11.273900 ms (FindLiveObjects: 1.201300 ms CreateObjectMapping: 0.718000 ms MarkObjects: 6.361500 ms  DeleteObjects: 2.992200 ms)

Prepare: number of updated asset objects reloaded= 0
========================================================================
Received Import Request.
  Time since last request: 4.080819 seconds.
  path: Assets/Scripts/Player/PlayerController.cs
  artifactKey: Guid(feac48e56c7a4814a9ba41feeaa6e717) Importer(2089858483,192608db42251d675da83286b1cce702)
Start importing Assets/Scripts/Player/PlayerController.cs using Guid(feac48e56c7a4814a9ba41feeaa6e717) Importer(2089858483,192608db42251d675da83286b1cce702) (ScriptedImporter) -> (artifact id: 'de378cf3e86c14c84867965a9b11cbed') in 0.0118254 seconds
Number of updated asset objects reloaded before import = 0Number of asset objects unloaded after import = 0

========================================================================
Received Prepare
Refreshing native plugins compatible for Editor in 2.91 ms, found 5 plugins.
Preloading 0 native plugins for Editor in 0.00 ms.
Unloading 13 Unused Serialized files (Serialized files now loaded: 0)
Unloading 7188 unused Assets / (4.3 MB). Loaded Objects now: 7907.
Memory consumption went from 153.6 MB to 149.3 MB.
Total: 10.919100 ms (FindLiveObjects: 0.998500 ms CreateObjectMapping: 0.973200 ms MarkObjects: 6.352400 ms  DeleteObjects: 2.594300 ms)

Prepare: number of updated asset objects reloaded= 0
========================================================================
Received Import Request.
  Time since last request: 4.496361 seconds.
  path: Assets/Scripts/Player/PlayerController.cs
  artifactKey: Guid(feac48e56c7a4814a9ba41feeaa6e717) Importer(2089858483,192608db42251d675da83286b1cce702)
Start importing Assets/Scripts/Player/PlayerController.cs using Guid(feac48e56c7a4814a9ba41feeaa6e717) Importer(2089858483,192608db42251d675da83286b1cce702) (ScriptedImporter) -> (artifact id: '65f85ede3032f97872d04304685adad6') in 0.0133826 seconds
Number of updated asset objects reloaded before import = 0Number of asset objects unloaded after import = 0

========================================================================
Received Prepare
Refreshing native plugins compatible for Editor in 3.21 ms, found 5 plugins.
Preloading 0 native plugins for Editor in 0.00 ms.
Unloading 13 Unused Serialized files (Serialized files now loaded: 0)
Unloading 7188 unused Assets / (4.6 MB). Loaded Objects now: 7907.
Memory consumption went from 153.6 MB to 149.0 MB.
Total: 10.920600 ms (FindLiveObjects: 0.801700 ms CreateObjectMapping: 0.719200 ms MarkObjects: 6.647100 ms  DeleteObjects: 2.752200 ms)

Prepare: number of updated asset objects reloaded= 0
========================================================================
Received Import Request.
  Time since last request: 89.077204 seconds.
  path: Assets/Scripts/Player/PlayerController.cs
  artifactKey: Guid(feac48e56c7a4814a9ba41feeaa6e717) Importer(2089858483,192608db42251d675da83286b1cce702)
Start importing Assets/Scripts/Player/PlayerController.cs using Guid(feac48e56c7a4814a9ba41feeaa6e717) Importer(2089858483,192608db42251d675da83286b1cce702) (ScriptedImporter) -> (artifact id: '1d46b59fc36abf1ac1de5f4f19c0b33d') in 0.0137291 seconds
Number of updated asset objects reloaded before import = 0Number of asset objects unloaded after import = 0

========================================================================
Received Prepare
Refreshing native plugins compatible for Editor in 2.99 ms, found 5 plugins.
Preloading 0 native plugins for Editor in 0.00 ms.
Unloading 13 Unused Serialized files (Serialized files now loaded: 0)
Unloading 7188 unused Assets / (4.7 MB). Loaded Objects now: 7907.
Memory consumption went from 153.6 MB to 148.9 MB.
Total: 11.949100 ms (FindLiveObjects: 1.076600 ms CreateObjectMapping: 0.784100 ms MarkObjects: 7.367500 ms  DeleteObjects: 2.720000 ms)

Prepare: number of updated asset objects reloaded= 0
========================================================================
Received Import Request.
  Time since last request: 42.984620 seconds.
  path: Assets/Scripts/Player/PlayerController.cs
  artifactKey: Guid(feac48e56c7a4814a9ba41feeaa6e717) Importer(2089858483,192608db42251d675da83286b1cce702)
Start importing Assets/Scripts/Player/PlayerController.cs using Guid(feac48e56c7a4814a9ba41feeaa6e717) Importer(2089858483,192608db42251d675da83286b1cce702) (ScriptedImporter) -> (artifact id: '72e7e9ef2a1c7b4e51fec4f681795c7b') in 0.0139376 seconds
Number of updated asset objects reloaded before import = 0Number of asset objects unloaded after import = 0

========================================================================
Received Prepare
Begin MonoManager ReloadAssembly
[Licensing::Client] Successfully resolved entitlement details
- Loaded All Assemblies, in  0.613 seconds
Refreshing native plugins compatible for Editor in 2.70 ms, found 5 plugins.
Native extension for WindowsStandalone target not found
[Package Manager] Failed to launch server process. Reason: Unity was launched with the -noUpm command-line argument
[Package Manager] Unable to send message (not connected to server process).
[Package Manager] Cannot connect to Unity Package Manager local server
[Package Manager] Failed to launch server process. Reason: Unity was launched with the -noUpm command-line argument
[Package Manager] Unable to send message (not connected to server process).
[Package Manager] Cannot connect to Unity Package Manager local server
Mono: successfully reloaded assembly
- Finished resetting the current domain, in  0.484 seconds
Domain Reload Profiling: 1096ms
	BeginReloadAssembly (198ms)
		ExecutionOrderSort (0ms)
		DisableScriptedObjects (13ms)
		BackupInstance (0ms)
		ReleaseScriptingObjects (0ms)
		CreateAndSetChildDomain (63ms)
	RebuildCommonClasses (23ms)
	RebuildNativeTypeToScriptingClass (8ms)
	initialDomainReloadingComplete (24ms)
	LoadAllAssembliesAndSetupDomain (358ms)
		LoadAssemblies (270ms)
		RebuildTransferFunctionScriptingTraits (0ms)
		AnalyzeDomain (154ms)
			TypeCache.Refresh (7ms)
				TypeCache.ScanAssembly (0ms)
			BuildScriptInfoCaches (136ms)
			ResolveRequiredComponents (8ms)
	FinalizeReload (484ms)
		ReleaseScriptCaches (0ms)
		RebuildScriptCaches (0ms)
		SetupLoadedEditorAssemblies (386ms)
			LogAssemblyErrors (0ms)
			InitializePlatformSupportModulesInManaged (2ms)
			SetLoadedEditorAssemblies (4ms)
			BeforeProcessingInitializeOnLoad (91ms)
			ProcessInitializeOnLoadAttributes (248ms)
			ProcessInitializeOnLoadMethodAttributes (36ms)
			AfterProcessingInitializeOnLoad (5ms)
			EditorAssembliesLoaded (0ms)
		ExecutionOrderSort2 (0ms)
		AwakeInstancesAfterBackupRestoration (9ms)
Refreshing native plugins compatible for Editor in 2.34 ms, found 5 plugins.
Preloading 0 native plugins for Editor in 0.00 ms.
Unloading 13 Unused Serialized files (Serialized files now loaded: 0)
Unloading 7203 unused Assets / (4.3 MB). Loaded Objects now: 7911.
Memory consumption went from 156.9 MB to 152.6 MB.
Total: 6.599800 ms (FindLiveObjects: 0.659600 ms CreateObjectMapping: 0.653000 ms MarkObjects: 3.538800 ms  DeleteObjects: 1.747800 ms)

Prepare: number of updated asset objects reloaded= 0
========================================================================
Received Prepare
Begin MonoManager ReloadAssembly
[Licensing::Client] Successfully resolved entitlement details
- Loaded All Assemblies, in  0.586 seconds
Refreshing native plugins compatible for Editor in 2.10 ms, found 5 plugins.
Native extension for WindowsStandalone target not found
[Package Manager] Failed to launch server process. Reason: Unity was launched with the -noUpm command-line argument
[Package Manager] Unable to send message (not connected to server process).
[Package Manager] Cannot connect to Unity Package Manager local server
[Package Manager] Failed to launch server process. Reason: Unity was launched with the -noUpm command-line argument
[Package Manager] Unable to send message (not connected to server process).
[Package Manager] Cannot connect to Unity Package Manager local server
Mono: successfully reloaded assembly
- Finished resetting the current domain, in  0.505 seconds
Domain Reload Profiling: 1090ms
	BeginReloadAssembly (175ms)
		ExecutionOrderSort (0ms)
		DisableScriptedObjects (9ms)
		BackupInstance (0ms)
		ReleaseScriptingObjects (0ms)
		CreateAndSetChildDomain (44ms)
	RebuildCommonClasses (21ms)
	RebuildNativeTypeToScriptingClass (9ms)
	initialDomainReloadingComplete (21ms)
	LoadAllAssembliesAndSetupDomain (358ms)
		LoadAssemblies (266ms)
		RebuildTransferFunctionScriptingTraits (0ms)
		AnalyzeDomain (161ms)
			TypeCache.Refresh (5ms)
				TypeCache.ScanAssembly (0ms)
			BuildScriptInfoCaches (146ms)
			ResolveRequiredComponents (6ms)
	FinalizeReload (505ms)
		ReleaseScriptCaches (0ms)
		RebuildScriptCaches (0ms)
		SetupLoadedEditorAssemblies (398ms)
			LogAssemblyErrors (0ms)
			InitializePlatformSupportModulesInManaged (2ms)
			SetLoadedEditorAssemblies (3ms)
			BeforeProcessingInitializeOnLoad (88ms)
			ProcessInitializeOnLoadAttributes (252ms)
			ProcessInitializeOnLoadMethodAttributes (46ms)
			AfterProcessingInitializeOnLoad (6ms)
			EditorAssembliesLoaded (0ms)
		ExecutionOrderSort2 (0ms)
		AwakeInstancesAfterBackupRestoration (11ms)
Refreshing native plugins compatible for Editor in 3.26 ms, found 5 plugins.
Preloading 0 native plugins for Editor in 0.00 ms.
Unloading 13 Unused Serialized files (Serialized files now loaded: 0)
Unloading 7203 unused Assets / (4.6 MB). Loaded Objects now: 7914.
Memory consumption went from 157.0 MB to 152.3 MB.
Total: 9.720000 ms (FindLiveObjects: 0.853900 ms CreateObjectMapping: 0.884700 ms MarkObjects: 5.305900 ms  DeleteObjects: 2.674200 ms)

Prepare: number of updated asset objects reloaded= 1
